stm32f4xx_it.c:78:6:NMI_Handler	4	static
stm32f4xx_it.c:93:6:HardFault_Handler	4	static
stm32f4xx_it.c:108:6:MemManage_Handler	4	static
stm32f4xx_it.c:123:6:BusFault_Handler	4	static
stm32f4xx_it.c:138:6:UsageFault_Handler	4	static
stm32f4xx_it.c:153:6:SVC_Handler	4	static
stm32f4xx_it.c:166:6:DebugMon_Handler	4	static
stm32f4xx_it.c:179:6:PendSV_Handler	4	static
stm32f4xx_it.c:192:6:SysTick_Handler	8	static
stm32f4xx_it.c:218:6:RTC_WKUP_IRQHandler	8	static
stm32f4xx_it.c:232:6:DMA1_Stream5_IRQHandler	8	static
stm32f4xx_it.c:246:6:TIM1_BRK_TIM9_IRQHandler	8	static
stm32f4xx_it.c:261:6:TIM2_IRQHandler	8	static
stm32f4xx_it.c:275:6:TIM3_IRQHandler	8	static
stm32f4xx_it.c:289:6:I2C1_EV_IRQHandler	8	static
stm32f4xx_it.c:303:6:I2C1_ER_IRQHandler	8	static
stm32f4xx_it.c:317:6:USART1_IRQHandler	8	static
stm32f4xx_it.c:331:6:TIM5_IRQHandler	8	static
